알겠습니다. 제공된 데이터를 바탕으로 샤프 지수를 기준으로 상위 3명의 트레이더를 분석하고 인사이트를 제공하겠습니다.

**샤프 지수 기준 상위 3명 트레이더 분석**

다음은 샤프 지수를 기준으로 정렬한 상위 3명의 트레이더입니다.

1.  **강지혜:** 샤프 지수 48.25
2.  **박준호:** 샤프 지수 22.1
3.  **정수진:** 샤프 지수 17.33

**인사이트:**

*   **압도적인 강지혜:** 강지혜 트레이더는 샤프 지수가 48.25로 압도적으로 높습니다. 이는 위험 대비 수익률이 매우 우수하다는 것을 의미합니다. 장기 투자 스타일과 함께 100%의 승률과 0%의 MDD (최대 낙폭)는 극도로 안정적인 포트폴리오 관리 능력을 보여줍니다. 하지만 지나치게 안정적인 투자는 시장 상황에 따라 수익률 증가에 한계가 있을 수 있습니다.

*   **단기 매매의 박준호:** 박준호 트레이더는 단기 매매 스타일로 샤프 지수 22.1을 기록했습니다. 높은 샤프 지수는 단기 매매의 변동성을 효과적으로 관리하면서 꾸준한 수익을 창출하고 있음을 시사합니다. 강지혜 트레이더와 마찬가지로 100% 승률과 0% MDD는 매우 인상적이지만, 단기 매매 특성상 시장 변화에 민감하게 반응해야 할 것입니다.

*   **중기 투자의 정수진:** 정수진 트레이더는 중기 투자 스타일로 샤프 지수 17.33을 기록했습니다. 이는 안정적인 수익률을 유지하면서도 시장 변화에 유연하게 대응하고 있음을 나타냅니다. 100% 승률과 0% MDD는 훌륭하지만, 샤프 지수를 더욱 향상시키기 위해 투자 전략을 미세 조정할 여지가 있습니다.

**전반적인 분석:**

세 명의 트레이더 모두 100%의 승률과 0%의 MDD를 기록하고 있다는 점이 매우 특이합니다. 실제 거래 데이터라면 더욱 심층적인 분석이 필요합니다. 예를 들어, 거래 빈도, 평균 거래 규모, 투자 대상 등을 고려하여 보다 정확한 성과 평가를 수행해야 합니다. 또한, 시장 상황 변화에 따른 각 트레이더의 투자 전략 변화를 추적하는 것이 중요합니다.

**추가 고려 사항:**

*   제공된 데이터만으로는 트레이더들의 투자 전략과 리스크 관리 방식을 완벽하게 파악하기 어렵습니다.
*   샤프 지수는 과거 성과를 기반으로 계산되므로, 미래 성과를 보장하지 않습니다.
*   투자 결정을 내리기 전에 다양한 요소를 종합적으로 고려해야 합니다.

이 분석이 투자 결정에 도움이 되기를 바랍니다.
